2026-08-05 07:43:57.518: [INFO] CurrentProfilePath: C:\spring boot projects\.metadata\.plugins\org.eclipse.swt\EBWebView\Default
2026-08-05 07:43:57.518: [INFO] Profiles total count: 1
2026-08-05 07:43:57.518: [INFO] Profile: name=Profile 1 path=C:\spring boot projects\.metadata\.plugins\org.eclipse.swt\EBWebView\Default lastActive=null
2026-08-05 07:43:57.518: [INFO] LastUsedProfileDir: C:\spring boot projects\.metadata\.plugins\org.eclipse.swt\EBWebView\Default
2026-08-05 07:43:57.518: [INFO] OnDoneLoading sync enabled: 0
2026-08-05 07:43:57.518: [INFO] BookmarkModelLoaded, ids_reassigned: 0
2026-08-05 07:43:57.518: [INFO] BookmarksLoadDropped droppedNodes=0
2026-08-05 07:43:57.518: [INFO] BookmarksSnapshot Startup total=0 bar=0 other=0 mobile=0 showBar=0 showBarNTP=1
2026-08-05 07:43:59.990: [INFO] BookmarksSnapshot Shutdown total=0 bar=0 other=0 mobile=0 showBar=0 showBarNTP=1
2026-08-05 07:44:05.881: [INFO] CurrentProfilePath: C:\spring boot projects\.metadata\.plugins\org.eclipse.swt\EBWebView\Default
2026-08-05 07:44:05.881: [INFO] Profiles total count: 1
2026-08-05 07:44:05.881: [INFO] Profile: name=Profile 1 path=C:\spring boot projects\.metadata\.plugins\org.eclipse.swt\EBWebView\Default lastActive=null
2026-08-05 07:44:05.881: [INFO] LastUsedProfileDir: C:\spring boot projects\.metadata\.plugins\org.eclipse.swt\EBWebView\Default
2026-08-05 07:44:05.881: [INFO] OnDoneLoading sync enabled: 0
2026-08-05 07:44:05.881: [INFO] BookmarkModelLoaded, ids_reassigned: 0
2026-08-05 07:44:05.881: [INFO] BookmarksLoadDropped droppedNodes=0
2026-08-05 07:44:05.881: [INFO] BookmarksSnapshot Startup total=0 bar=0 other=0 mobile=0 showBar=0 showBarNTP=1
2026-08-05 07:44:06.212: [INFO] BookmarksSnapshot Shutdown total=0 bar=0 other=0 mobile=0 showBar=0 showBarNTP=1
2026-08-05 07:45:12.550: [INFO] CurrentProfilePath: C:\spring boot projects\.metadata\.plugins\org.eclipse.swt\EBWebView\Default
2026-08-05 07:45:12.550: [INFO] Profiles total count: 1
2026-08-05 07:45:12.551: [INFO] Profile: name=Profile 1 path=C:\spring boot projects\.metadata\.plugins\org.eclipse.swt\EBWebView\Default lastActive=null
2026-08-05 07:45:12.551: [INFO] LastUsedProfileDir: C:\spring boot projects\.metadata\.plugins\org.eclipse.swt\EBWebView\Default
2026-08-05 07:45:12.551: [INFO] OnDoneLoading sync enabled: 0
2026-08-05 07:45:12.551: [INFO] BookmarkModelLoaded, ids_reassigned: 0
2026-08-05 07:45:12.551: [INFO] BookmarksLoadDropped droppedNodes=0
2026-08-05 07:45:12.551: [INFO] BookmarksSnapshot Startup total=0 bar=0 other=0 mobile=0 showBar=0 showBarNTP=1
2026-08-05 07:45:12.838: [INFO] BookmarksSnapshot Shutdown total=0 bar=0 other=0 mobile=0 showBar=0 showBarNTP=1
2026-08-05 07:45:42.797: [INFO] CurrentProfilePath: C:\spring boot projects\.metadata\.plugins\org.eclipse.swt\EBWebView\Default
2026-08-05 07:45:42.797: [INFO] Profiles total count: 1
2026-08-05 07:45:42.797: [INFO] Profile: name=Profile 1 path=C:\spring boot projects\.metadata\.plugins\org.eclipse.swt\EBWebView\Default lastActive=null
2026-08-05 07:45:42.797: [INFO] LastUsedProfileDir: C:\spring boot projects\.metadata\.plugins\org.eclipse.swt\EBWebView\Default
2026-08-05 07:45:42.797: [INFO] OnDoneLoading sync enabled: 0
2026-08-05 07:45:42.797: [INFO] BookmarkModelLoaded, ids_reassigned: 0
2026-08-05 07:45:42.797: [INFO] BookmarksLoadDropped droppedNodes=0
2026-08-05 07:45:42.797: [INFO] BookmarksSnapshot Startup total=0 bar=0 other=0 mobile=0 showBar=0 showBarNTP=1
2026-08-05 07:50:28.399: [INFO] BookmarksSnapshot Shutdown total=0 bar=0 other=0 mobile=0 showBar=0 showBarNTP=1
2026-08-05 07:50:28.540: [INFO] CurrentProfilePath: C:\spring boot projects\.metadata\.plugins\org.eclipse.swt\EBWebView\Default
2026-08-05 07:50:28.540: [INFO] Profiles total count: 1
2026-08-05 07:50:28.540: [INFO] Profile: name=Profile 1 path=C:\spring boot projects\.metadata\.plugins\org.eclipse.swt\EBWebView\Default lastActive=null
2026-08-05 07:50:28.540: [INFO] LastUsedProfileDir: C:\spring boot projects\.metadata\.plugins\org.eclipse.swt\EBWebView\Default
2026-08-05 07:50:28.540: [INFO] OnDoneLoading sync enabled: 0
2026-08-05 07:50:28.540: [INFO] BookmarkModelLoaded, ids_reassigned: 0
2026-08-05 07:50:28.540: [INFO] BookmarksLoadDropped droppedNodes=0
2026-08-05 07:50:28.541: [INFO] BookmarksSnapshot Startup total=0 bar=0 other=0 mobile=0 showBar=0 showBarNTP=1
2026-08-14 06:47:03.270: [INFO] CurrentProfilePath: C:\spring boot projects\.metadata\.plugins\org.eclipse.swt\EBWebView\Default
2026-08-14 06:47:03.270: [INFO] Profiles total count: 1
2026-08-14 06:47:03.270: [INFO] Profile: name=Profile 1 path=C:\spring boot projects\.metadata\.plugins\org.eclipse.swt\EBWebView\Default lastActive=null
2026-08-14 06:47:03.270: [INFO] LastUsedProfileDir: C:\spring boot projects\.metadata\.plugins\org.eclipse.swt\EBWebView\Default
2026-08-14 06:47:03.270: [INFO] OnDoneLoading sync enabled: 0
2026-08-14 06:47:03.270: [INFO] BookmarkModelLoaded, ids_reassigned: 0
2026-08-14 06:47:03.270: [INFO] BookmarksLoadDropped droppedNodes=0
2026-08-14 06:47:03.270: [INFO] BookmarksSnapshot Startup total=0 bar=0 other=0 mobile=0 showBar=0 showBarNTP=1
2026-09-08 05:43:26.918: [INFO] CurrentProfilePath: C:\spring boot projects\.metadata\.plugins\org.eclipse.swt\EBWebView\Default
2026-09-08 05:43:26.918: [INFO] Profiles total count: 1
2026-09-08 05:43:26.918: [INFO] Profile: name=Profile 1 path=C:\spring boot projects\.metadata\.plugins\org.eclipse.swt\EBWebView\Default lastActive=2026-08-14T06:54:38.552Z
2026-09-08 05:43:26.918: [INFO] LastUsedProfileDir: C:\spring boot projects\.metadata\.plugins\org.eclipse.swt\EBWebView\Default
2026-09-08 05:43:26.918: [INFO] MostRecentlyActiveProfile: name=Profile 1 path=C:\spring boot projects\.metadata\.plugins\org.eclipse.swt\EBWebView\Default lastActive=2026-08-14T06:54:38.552Z
2026-09-08 05:43:26.918: [INFO] OnDoneLoading sync enabled: 0
2026-09-08 05:43:26.918: [INFO] BookmarkModelLoaded, ids_reassigned: 0
2026-09-08 05:43:26.918: [INFO] BookmarksLoadDropped droppedNodes=0
2026-09-08 05:43:26.918: [INFO] BookmarksSnapshot Startup total=0 bar=0 other=0 mobile=0 showBar=0 showBarNTP=1
2026-09-08 10:17:23.934: [INFO] BookmarksSnapshot Shutdown total=0 bar=0 other=0 mobile=0 showBar=0 showBarNTP=1
2026-09-08 10:23:05.483: [INFO] CurrentProfilePath: C:\spring boot projects\.metadata\.plugins\org.eclipse.swt\EBWebView\Default
2026-09-08 10:23:05.483: [INFO] Profiles total count: 1
2026-09-08 10:23:05.483: [INFO] Profile: name=Profile 1 path=C:\spring boot projects\.metadata\.plugins\org.eclipse.swt\EBWebView\Default lastActive=2026-08-14T06:54:38.552Z
2026-09-08 10:23:05.483: [INFO] LastUsedProfileDir: C:\spring boot projects\.metadata\.plugins\org.eclipse.swt\EBWebView\Default
2026-09-08 10:23:05.483: [INFO] MostRecentlyActiveProfile: name=Profile 1 path=C:\spring boot projects\.metadata\.plugins\org.eclipse.swt\EBWebView\Default lastActive=2026-08-14T06:54:38.552Z
2026-09-08 10:23:05.483: [INFO] OnDoneLoading sync enabled: 0
2026-09-08 10:23:05.483: [INFO] BookmarkModelLoaded, ids_reassigned: 0
2026-09-08 10:23:05.483: [INFO] BookmarksLoadDropped droppedNodes=0
2026-09-08 10:23:05.483: [INFO] BookmarksSnapshot Startup total=0 bar=0 other=0 mobile=0 showBar=0 showBarNTP=1
2026-09-08 16:37:52.462: [INFO] CurrentProfilePath: C:\spring boot projects\.metadata\.plugins\org.eclipse.swt\EBWebView\Default
2026-09-08 16:37:52.462: [INFO] Profiles total count: 1
2026-09-08 16:37:52.462: [INFO] Profile: name=Profile 1 path=C:\spring boot projects\.metadata\.plugins\org.eclipse.swt\EBWebView\Default lastActive=2026-08-14T06:54:38.552Z
2026-09-08 16:37:52.462: [INFO] LastUsedProfileDir: C:\spring boot projects\.metadata\.plugins\org.eclipse.swt\EBWebView\Default
2026-09-08 16:37:52.462: [INFO] MostRecentlyActiveProfile: name=Profile 1 path=C:\spring boot projects\.metadata\.plugins\org.eclipse.swt\EBWebView\Default lastActive=2026-08-14T06:54:38.552Z
2026-09-08 16:37:52.462: [INFO] OnDoneLoading sync enabled: 0
2026-09-08 16:37:52.462: [INFO] BookmarkModelLoaded, ids_reassigned: 0
2026-09-08 16:37:52.462: [INFO] BookmarksLoadDropped droppedNodes=0
2026-09-08 16:37:52.462: [INFO] BookmarksSnapshot Startup total=0 bar=0 other=0 mobile=0 showBar=0 showBarNTP=1
2026-09-08 16:38:07.525: [INFO] BookmarksSnapshot Shutdown total=0 bar=0 other=0 mobile=0 showBar=0 showBarNTP=1
2026-09-08 16:38:31.277: [INFO] CurrentProfilePath: C:\spring boot projects\.metadata\.plugins\org.eclipse.swt\EBWebView\Default
2026-09-08 16:38:31.277: [INFO] Profiles total count: 1
2026-09-08 16:38:31.277: [INFO] Profile: name=Profile 1 path=C:\spring boot projects\.metadata\.plugins\org.eclipse.swt\EBWebView\Default lastActive=2026-08-14T06:54:38.552Z
2026-09-08 16:38:31.277: [INFO] LastUsedProfileDir: C:\spring boot projects\.metadata\.plugins\org.eclipse.swt\EBWebView\Default
2026-09-08 16:38:31.277: [INFO] MostRecentlyActiveProfile: name=Profile 1 path=C:\spring boot projects\.metadata\.plugins\org.eclipse.swt\EBWebView\Default lastActive=2026-08-14T06:54:38.552Z
2026-09-08 16:38:31.277: [INFO] OnDoneLoading sync enabled: 0
2026-09-08 16:38:31.277: [INFO] BookmarkModelLoaded, ids_reassigned: 0
2026-09-08 16:38:31.277: [INFO] BookmarksLoadDropped droppedNodes=0
2026-09-08 16:38:31.277: [INFO] BookmarksSnapshot Startup total=0 bar=0 other=0 mobile=0 showBar=0 showBarNTP=1
2026-09-08 16:38:48.046: [INFO] BookmarksSnapshot Shutdown total=0 bar=0 other=0 mobile=0 showBar=0 showBarNTP=1
2026-09-08 16:38:53.199: [INFO] CurrentProfilePath: C:\spring boot projects\.metadata\.plugins\org.eclipse.swt\EBWebView\Default
2026-09-08 16:38:53.199: [INFO] Profiles total count: 1
2026-09-08 16:38:53.199: [INFO] Profile: name=Profile 1 path=C:\spring boot projects\.metadata\.plugins\org.eclipse.swt\EBWebView\Default lastActive=2026-08-14T06:54:38.552Z
2026-09-08 16:38:53.199: [INFO] LastUsedProfileDir: C:\spring boot projects\.metadata\.plugins\org.eclipse.swt\EBWebView\Default
2026-09-08 16:38:53.199: [INFO] MostRecentlyActiveProfile: name=Profile 1 path=C:\spring boot projects\.metadata\.plugins\org.eclipse.swt\EBWebView\Default lastActive=2026-08-14T06:54:38.552Z
2026-09-08 16:38:53.199: [INFO] OnDoneLoading sync enabled: 0
2026-09-08 16:38:53.199: [INFO] BookmarkModelLoaded, ids_reassigned: 0
2026-09-08 16:38:53.199: [INFO] BookmarksLoadDropped droppedNodes=0
2026-09-08 16:38:53.199: [INFO] BookmarksSnapshot Startup total=0 bar=0 other=0 mobile=0 showBar=0 showBarNTP=1
2026-09-09 06:21:15.012: [INFO] CurrentProfilePath: C:\spring boot projects\.metadata\.plugins\org.eclipse.swt\EBWebView\Default
2026-09-09 06:21:15.012: [INFO] Profiles total count: 1
2026-09-09 06:21:15.012: [INFO] Profile: name=Profile 1 path=C:\spring boot projects\.metadata\.plugins\org.eclipse.swt\EBWebView\Default lastActive=2026-08-14T06:54:38.552Z
2026-09-09 06:21:15.012: [INFO] LastUsedProfileDir: C:\spring boot projects\.metadata\.plugins\org.eclipse.swt\EBWebView\Default
2026-09-09 06:21:15.012: [INFO] MostRecentlyActiveProfile: name=Profile 1 path=C:\spring boot projects\.metadata\.plugins\org.eclipse.swt\EBWebView\Default lastActive=2026-08-14T06:54:38.552Z
2026-09-09 06:21:15.012: [INFO] OnDoneLoading sync enabled: 0
2026-09-09 06:21:15.012: [INFO] BookmarkModelLoaded, ids_reassigned: 0
2026-09-09 06:21:15.012: [INFO] BookmarksLoadDropped droppedNodes=0
2026-09-09 06:21:15.012: [INFO] BookmarksSnapshot Startup total=0 bar=0 other=0 mobile=0 showBar=0 showBarNTP=1
2026-09-09 06:22:45.234: [INFO] BookmarksSnapshot Shutdown total=0 bar=0 other=0 mobile=0 showBar=0 showBarNTP=1
2026-09-09 06:36:10.474: [INFO] CurrentProfilePath: C:\spring boot projects\.metadata\.plugins\org.eclipse.swt\EBWebView\Default
2026-09-09 06:36:10.474: [INFO] Profiles total count: 1
2026-09-09 06:36:10.474: [INFO] Profile: name=Profile 1 path=C:\spring boot projects\.metadata\.plugins\org.eclipse.swt\EBWebView\Default lastActive=2026-08-14T06:54:38.552Z
2026-09-09 06:36:10.474: [INFO] LastUsedProfileDir: C:\spring boot projects\.metadata\.plugins\org.eclipse.swt\EBWebView\Default
2026-09-09 06:36:10.474: [INFO] MostRecentlyActiveProfile: name=Profile 1 path=C:\spring boot projects\.metadata\.plugins\org.eclipse.swt\EBWebView\Default lastActive=2026-08-14T06:54:38.552Z
2026-09-09 06:36:10.474: [INFO] OnDoneLoading sync enabled: 0
2026-09-09 06:36:10.474: [INFO] BookmarkModelLoaded, ids_reassigned: 0
2026-09-09 06:36:10.474: [INFO] BookmarksLoadDropped droppedNodes=0
2026-09-09 06:36:10.474: [INFO] BookmarksSnapshot Startup total=0 bar=0 other=0 mobile=0 showBar=0 showBarNTP=1
2026-09-09 06:36:41.866: [INFO] BookmarksSnapshot Shutdown total=0 bar=0 other=0 mobile=0 showBar=0 showBarNTP=1
2026-09-09 06:37:09.753: [INFO] CurrentProfilePath: C:\spring boot projects\.metadata\.plugins\org.eclipse.swt\EBWebView\Default
2026-09-09 06:37:09.753: [INFO] Profiles total count: 1
2026-09-09 06:37:09.753: [INFO] Profile: name=Profile 1 path=C:\spring boot projects\.metadata\.plugins\org.eclipse.swt\EBWebView\Default lastActive=2026-08-14T06:54:38.552Z
2026-09-09 06:37:09.753: [INFO] LastUsedProfileDir: C:\spring boot projects\.metadata\.plugins\org.eclipse.swt\EBWebView\Default
2026-09-09 06:37:09.753: [INFO] MostRecentlyActiveProfile: name=Profile 1 path=C:\spring boot projects\.metadata\.plugins\org.eclipse.swt\EBWebView\Default lastActive=2026-08-14T06:54:38.552Z
2026-09-09 06:37:09.753: [INFO] OnDoneLoading sync enabled: 0
2026-09-09 06:37:09.753: [INFO] BookmarkModelLoaded, ids_reassigned: 0
2026-09-09 06:37:09.753: [INFO] BookmarksLoadDropped droppedNodes=0
2026-09-09 06:37:09.753: [INFO] BookmarksSnapshot Startup total=0 bar=0 other=0 mobile=0 showBar=0 showBarNTP=1
2026-09-09 06:37:16.715: [INFO] BookmarksSnapshot Shutdown total=0 bar=0 other=0 mobile=0 showBar=0 showBarNTP=1
2026-09-09 06:40:13.915: [INFO] CurrentProfilePath: C:\spring boot projects\.metadata\.plugins\org.eclipse.swt\EBWebView\Default
2026-09-09 06:40:13.915: [INFO] Profiles total count: 1
2026-09-09 06:40:13.915: [INFO] Profile: name=Profile 1 path=C:\spring boot projects\.metadata\.plugins\org.eclipse.swt\EBWebView\Default lastActive=2026-08-14T06:54:38.552Z
2026-09-09 06:40:13.915: [INFO] LastUsedProfileDir: C:\spring boot projects\.metadata\.plugins\org.eclipse.swt\EBWebView\Default
2026-09-09 06:40:13.915: [INFO] MostRecentlyActiveProfile: name=Profile 1 path=C:\spring boot projects\.metadata\.plugins\org.eclipse.swt\EBWebView\Default lastActive=2026-08-14T06:54:38.552Z
2026-09-09 06:40:13.915: [INFO] OnDoneLoading sync enabled: 0
2026-09-09 06:40:13.915: [INFO] BookmarkModelLoaded, ids_reassigned: 0
2026-09-09 06:40:13.915: [INFO] BookmarksLoadDropped droppedNodes=0
2026-09-09 06:40:13.915: [INFO] BookmarksSnapshot Startup total=0 bar=0 other=0 mobile=0 showBar=0 showBarNTP=1
2026-09-09 10:58:53.978: [INFO] BookmarksSnapshot Shutdown total=0 bar=0 other=0 mobile=0 showBar=0 showBarNTP=1
2026-09-09 11:01:44.384: [INFO] CurrentProfilePath: C:\spring boot projects\.metadata\.plugins\org.eclipse.swt\EBWebView\Default
2026-09-09 11:01:44.384: [INFO] Profiles total count: 1
2026-09-09 11:01:44.385: [INFO] Profile: name=Profile 1 path=C:\spring boot projects\.metadata\.plugins\org.eclipse.swt\EBWebView\Default lastActive=2026-08-14T06:54:38.552Z
2026-09-09 11:01:44.385: [INFO] LastUsedProfileDir: C:\spring boot projects\.metadata\.plugins\org.eclipse.swt\EBWebView\Default
2026-09-09 11:01:44.385: [INFO] MostRecentlyActiveProfile: name=Profile 1 path=C:\spring boot projects\.metadata\.plugins\org.eclipse.swt\EBWebView\Default lastActive=2026-08-14T06:54:38.552Z
2026-09-09 11:01:44.385: [INFO] OnDoneLoading sync enabled: 0
2026-09-09 11:01:44.385: [INFO] BookmarkModelLoaded, ids_reassigned: 0
2026-09-09 11:01:44.385: [INFO] BookmarksLoadDropped droppedNodes=0
2026-09-09 11:01:44.385: [INFO] BookmarksSnapshot Startup total=0 bar=0 other=0 mobile=0 showBar=0 showBarNTP=1
2026-09-09 11:01:57.706: [INFO] BookmarksSnapshot Shutdown total=0 bar=0 other=0 mobile=0 showBar=0 showBarNTP=1
2026-09-09 11:02:36.091: [INFO] CurrentProfilePath: C:\spring boot projects\.metadata\.plugins\org.eclipse.swt\EBWebView\Default
2026-09-09 11:02:36.091: [INFO] Profiles total count: 1
2026-09-09 11:02:36.091: [INFO] Profile: name=Profile 1 path=C:\spring boot projects\.metadata\.plugins\org.eclipse.swt\EBWebView\Default lastActive=2026-08-14T06:54:38.552Z
2026-09-09 11:02:36.091: [INFO] LastUsedProfileDir: C:\spring boot projects\.metadata\.plugins\org.eclipse.swt\EBWebView\Default
2026-09-09 11:02:36.091: [INFO] MostRecentlyActiveProfile: name=Profile 1 path=C:\spring boot projects\.metadata\.plugins\org.eclipse.swt\EBWebView\Default lastActive=2026-08-14T06:54:38.552Z
2026-09-09 11:02:36.091: [INFO] OnDoneLoading sync enabled: 0
2026-09-09 11:02:36.091: [INFO] BookmarkModelLoaded, ids_reassigned: 0
2026-09-09 11:02:36.091: [INFO] BookmarksLoadDropped droppedNodes=0
2026-09-09 11:02:36.091: [INFO] BookmarksSnapshot Startup total=0 bar=0 other=0 mobile=0 showBar=0 showBarNTP=1
2026-09-09 11:04:32.253: [INFO] BookmarksSnapshot Shutdown total=0 bar=0 other=0 mobile=0 showBar=0 showBarNTP=1
2026-09-09 11:05:52.136: [INFO] CurrentProfilePath: C:\spring boot projects\.metadata\.plugins\org.eclipse.swt\EBWebView\Default
2026-09-09 11:05:52.136: [INFO] Profiles total count: 1
2026-09-09 11:05:52.136: [INFO] Profile: name=Profile 1 path=C:\spring boot projects\.metadata\.plugins\org.eclipse.swt\EBWebView\Default lastActive=2026-08-14T06:54:38.552Z
2026-09-09 11:05:52.136: [INFO] LastUsedProfileDir: C:\spring boot projects\.metadata\.plugins\org.eclipse.swt\EBWebView\Default
2026-09-09 11:05:52.136: [INFO] MostRecentlyActiveProfile: name=Profile 1 path=C:\spring boot projects\.metadata\.plugins\org.eclipse.swt\EBWebView\Default lastActive=2026-08-14T06:54:38.552Z
2026-09-09 11:05:52.136: [INFO] OnDoneLoading sync enabled: 0
2026-09-09 11:05:52.136: [INFO] BookmarkModelLoaded, ids_reassigned: 0
2026-09-09 11:05:52.136: [INFO] BookmarksLoadDropped droppedNodes=0
2026-09-09 11:05:52.136: [INFO] BookmarksSnapshot Startup total=0 bar=0 other=0 mobile=0 showBar=0 showBarNTP=1
2026-09-09 11:09:22.419: [INFO] BookmarksSnapshot Shutdown total=0 bar=0 other=0 mobile=0 showBar=0 showBarNTP=1
2026-09-09 11:10:05.145: [INFO] CurrentProfilePath: C:\spring boot projects\.metadata\.plugins\org.eclipse.swt\EBWebView\Default
2026-09-09 11:10:05.145: [INFO] Profiles total count: 1
2026-09-09 11:10:05.145: [INFO] Profile: name=Profile 1 path=C:\spring boot projects\.metadata\.plugins\org.eclipse.swt\EBWebView\Default lastActive=2026-08-14T06:54:38.552Z
2026-09-09 11:10:05.145: [INFO] LastUsedProfileDir: C:\spring boot projects\.metadata\.plugins\org.eclipse.swt\EBWebView\Default
2026-09-09 11:10:05.145: [INFO] MostRecentlyActiveProfile: name=Profile 1 path=C:\spring boot projects\.metadata\.plugins\org.eclipse.swt\EBWebView\Default lastActive=2026-08-14T06:54:38.552Z
2026-09-09 11:10:05.145: [INFO] OnDoneLoading sync enabled: 0
2026-09-09 11:10:05.145: [INFO] BookmarkModelLoaded, ids_reassigned: 0
2026-09-09 11:10:05.145: [INFO] BookmarksLoadDropped droppedNodes=0
2026-09-09 11:10:05.145: [INFO] BookmarksSnapshot Startup total=0 bar=0 other=0 mobile=0 showBar=0 showBarNTP=1
2026-09-10 05:55:37.390: [INFO] BookmarksSnapshot Shutdown total=0 bar=0 other=0 mobile=0 showBar=0 showBarNTP=1
2026-09-10 06:07:18.295: [INFO] CurrentProfilePath: C:\spring boot projects\.metadata\.plugins\org.eclipse.swt\EBWebView\Default
2026-09-10 06:07:18.295: [INFO] Profiles total count: 1
2026-09-10 06:07:18.295: [INFO] Profile: name=Profile 1 path=C:\spring boot projects\.metadata\.plugins\org.eclipse.swt\EBWebView\Default lastActive=2026-08-14T06:54:38.552Z
2026-09-10 06:07:18.295: [INFO] LastUsedProfileDir: C:\spring boot projects\.metadata\.plugins\org.eclipse.swt\EBWebView\Default
2026-09-10 06:07:18.295: [INFO] MostRecentlyActiveProfile: name=Profile 1 path=C:\spring boot projects\.metadata\.plugins\org.eclipse.swt\EBWebView\Default lastActive=2026-08-14T06:54:38.552Z
2026-09-10 06:07:18.295: [INFO] OnDoneLoading sync enabled: 0
2026-09-10 06:07:18.295: [INFO] BookmarkModelLoaded, ids_reassigned: 0
2026-09-10 06:07:18.295: [INFO] BookmarksLoadDropped droppedNodes=0
2026-09-10 06:07:18.295: [INFO] BookmarksSnapshot Startup total=0 bar=0 other=0 mobile=0 showBar=0 showBarNTP=1
2026-09-10 07:13:07.983: [INFO] BookmarksSnapshot Shutdown total=0 bar=0 other=0 mobile=0 showBar=0 showBarNTP=1
2026-09-10 07:13:12.453: [INFO] CurrentProfilePath: C:\spring boot projects\.metadata\.plugins\org.eclipse.swt\EBWebView\Default
2026-09-10 07:13:12.453: [INFO] Profiles total count: 1
2026-09-10 07:13:12.453: [INFO] Profile: name=Profile 1 path=C:\spring boot projects\.metadata\.plugins\org.eclipse.swt\EBWebView\Default lastActive=2026-08-14T06:54:38.552Z
2026-09-10 07:13:12.453: [INFO] LastUsedProfileDir: C:\spring boot projects\.metadata\.plugins\org.eclipse.swt\EBWebView\Default
2026-09-10 07:13:12.453: [INFO] MostRecentlyActiveProfile: name=Profile 1 path=C:\spring boot projects\.metadata\.plugins\org.eclipse.swt\EBWebView\Default lastActive=2026-08-14T06:54:38.552Z
2026-09-10 07:13:12.453: [INFO] OnDoneLoading sync enabled: 0
2026-09-10 07:13:12.453: [INFO] BookmarkModelLoaded, ids_reassigned: 0
2026-09-10 07:13:12.453: [INFO] BookmarksLoadDropped droppedNodes=0
2026-09-10 07:13:12.453: [INFO] BookmarksSnapshot Startup total=0 bar=0 other=0 mobile=0 showBar=0 showBarNTP=1
2026-09-10 15:31:00.852: [INFO] CurrentProfilePath: C:\spring boot projects\.metadata\.plugins\org.eclipse.swt\EBWebView\Default
2026-09-10 15:31:00.852: [INFO] Profiles total count: 1
2026-09-10 15:31:00.852: [INFO] Profile: name=Profile 1 path=C:\spring boot projects\.metadata\.plugins\org.eclipse.swt\EBWebView\Default lastActive=2026-08-14T06:54:38.552Z
2026-09-10 15:31:00.852: [INFO] LastUsedProfileDir: C:\spring boot projects\.metadata\.plugins\org.eclipse.swt\EBWebView\Default
2026-09-10 15:31:00.852: [INFO] MostRecentlyActiveProfile: name=Profile 1 path=C:\spring boot projects\.metadata\.plugins\org.eclipse.swt\EBWebView\Default lastActive=2026-08-14T06:54:38.552Z
2026-09-10 15:31:00.852: [INFO] OnDoneLoading sync enabled: 0
2026-09-10 15:31:00.852: [INFO] BookmarkModelLoaded, ids_reassigned: 0
2026-09-10 15:31:00.852: [INFO] BookmarksLoadDropped droppedNodes=0
2026-09-10 15:31:00.852: [INFO] BookmarksSnapshot Startup total=0 bar=0 other=0 mobile=0 showBar=0 showBarNTP=1
2026-09-10 15:34:05.695: [INFO] BookmarksSnapshot Shutdown total=0 bar=0 other=0 mobile=0 showBar=0 showBarNTP=1
2026-09-10 15:34:05.848: [INFO] CurrentProfilePath: C:\spring boot projects\.metadata\.plugins\org.eclipse.swt\EBWebView\Default
2026-09-10 15:34:05.848: [INFO] Profiles total count: 1
2026-09-10 15:34:05.848: [INFO] Profile: name=Profile 1 path=C:\spring boot projects\.metadata\.plugins\org.eclipse.swt\EBWebView\Default lastActive=2026-08-14T06:54:38.552Z
2026-09-10 15:34:05.848: [INFO] LastUsedProfileDir: C:\spring boot projects\.metadata\.plugins\org.eclipse.swt\EBWebView\Default
2026-09-10 15:34:05.848: [INFO] MostRecentlyActiveProfile: name=Profile 1 path=C:\spring boot projects\.metadata\.plugins\org.eclipse.swt\EBWebView\Default lastActive=2026-08-14T06:54:38.552Z
2026-09-10 15:34:05.848: [INFO] OnDoneLoading sync enabled: 0
2026-09-10 15:34:05.848: [INFO] BookmarkModelLoaded, ids_reassigned: 0
2026-09-10 15:34:05.848: [INFO] BookmarksLoadDropped droppedNodes=0
2026-09-10 15:34:05.848: [INFO] BookmarksSnapshot Startup total=0 bar=0 other=0 mobile=0 showBar=0 showBarNTP=1
2026-09-10 16:01:44.203: [INFO] BookmarksSnapshot Shutdown total=0 bar=0 other=0 mobile=0 showBar=0 showBarNTP=1
2026-09-10 16:02:42.779: [INFO] CurrentProfilePath: C:\spring boot projects\.metadata\.plugins\org.eclipse.swt\EBWebView\Default
2026-09-10 16:02:42.780: [INFO] Profiles total count: 1
2026-09-10 16:02:42.780: [INFO] Profile: name=Profile 1 path=C:\spring boot projects\.metadata\.plugins\org.eclipse.swt\EBWebView\Default lastActive=2026-08-14T06:54:38.552Z
2026-09-10 16:02:42.780: [INFO] LastUsedProfileDir: C:\spring boot projects\.metadata\.plugins\org.eclipse.swt\EBWebView\Default
2026-09-10 16:02:42.780: [INFO] MostRecentlyActiveProfile: name=Profile 1 path=C:\spring boot projects\.metadata\.plugins\org.eclipse.swt\EBWebView\Default lastActive=2026-08-14T06:54:38.552Z
2026-09-10 16:02:42.780: [INFO] OnDoneLoading sync enabled: 0
2026-09-10 16:02:42.780: [INFO] BookmarkModelLoaded, ids_reassigned: 0
2026-09-10 16:02:42.780: [INFO] BookmarksLoadDropped droppedNodes=0
2026-09-10 16:02:42.780: [INFO] BookmarksSnapshot Startup total=0 bar=0 other=0 mobile=0 showBar=0 showBarNTP=1
2026-09-10 16:42:09.453: [INFO] BookmarksSnapshot Shutdown total=0 bar=0 other=0 mobile=0 showBar=0 showBarNTP=1
2026-09-10 16:42:09.541: [INFO] CurrentProfilePath: C:\spring boot projects\.metadata\.plugins\org.eclipse.swt\EBWebView\Default
2026-09-10 16:42:09.541: [INFO] Profiles total count: 1
2026-09-10 16:42:09.541: [INFO] Profile: name=Profile 1 path=C:\spring boot projects\.metadata\.plugins\org.eclipse.swt\EBWebView\Default lastActive=2026-08-14T06:54:38.552Z
2026-09-10 16:42:09.541: [INFO] LastUsedProfileDir: C:\spring boot projects\.metadata\.plugins\org.eclipse.swt\EBWebView\Default
2026-09-10 16:42:09.541: [INFO] MostRecentlyActiveProfile: name=Profile 1 path=C:\spring boot projects\.metadata\.plugins\org.eclipse.swt\EBWebView\Default lastActive=2026-08-14T06:54:38.552Z
2026-09-10 16:42:09.541: [INFO] OnDoneLoading sync enabled: 0
2026-09-10 16:42:09.541: [INFO] BookmarkModelLoaded, ids_reassigned: 0
2026-09-10 16:42:09.541: [INFO] BookmarksLoadDropped droppedNodes=0
2026-09-10 16:42:09.541: [INFO] BookmarksSnapshot Startup total=0 bar=0 other=0 mobile=0 showBar=0 showBarNTP=1
2026-09-10 16:42:25.574: [INFO] BookmarksSnapshot Shutdown total=0 bar=0 other=0 mobile=0 showBar=0 showBarNTP=1
2026-09-10 16:42:25.658: [INFO] CurrentProfilePath: C:\spring boot projects\.metadata\.plugins\org.eclipse.swt\EBWebView\Default
2026-09-10 16:42:25.658: [INFO] Profiles total count: 1
2026-09-10 16:42:25.658: [INFO] Profile: name=Profile 1 path=C:\spring boot projects\.metadata\.plugins\org.eclipse.swt\EBWebView\Default lastActive=2026-08-14T06:54:38.552Z
2026-09-10 16:42:25.658: [INFO] LastUsedProfileDir: C:\spring boot projects\.metadata\.plugins\org.eclipse.swt\EBWebView\Default
2026-09-10 16:42:25.658: [INFO] MostRecentlyActiveProfile: name=Profile 1 path=C:\spring boot projects\.metadata\.plugins\org.eclipse.swt\EBWebView\Default lastActive=2026-08-14T06:54:38.552Z
2026-09-10 16:42:25.658: [INFO] OnDoneLoading sync enabled: 0
2026-09-10 16:42:25.658: [INFO] BookmarkModelLoaded, ids_reassigned: 0
2026-09-10 16:42:25.658: [INFO] BookmarksLoadDropped droppedNodes=0
2026-09-10 16:42:25.658: [INFO] BookmarksSnapshot Startup total=0 bar=0 other=0 mobile=0 showBar=0 showBarNTP=1
2026-09-10 17:32:11.391: [INFO] BookmarksSnapshot Shutdown total=0 bar=0 other=0 mobile=0 showBar=0 showBarNTP=1
2026-09-10 17:34:07.344: [INFO] CurrentProfilePath: C:\spring boot projects\.metadata\.plugins\org.eclipse.swt\EBWebView\Default
2026-09-10 17:34:07.344: [INFO] Profiles total count: 1
2026-09-10 17:34:07.344: [INFO] Profile: name=Profile 1 path=C:\spring boot projects\.metadata\.plugins\org.eclipse.swt\EBWebView\Default lastActive=2026-08-14T06:54:38.552Z
2026-09-10 17:34:07.344: [INFO] LastUsedProfileDir: C:\spring boot projects\.metadata\.plugins\org.eclipse.swt\EBWebView\Default
2026-09-10 17:34:07.345: [INFO] MostRecentlyActiveProfile: name=Profile 1 path=C:\spring boot projects\.metadata\.plugins\org.eclipse.swt\EBWebView\Default lastActive=2026-08-14T06:54:38.552Z
2026-09-10 17:34:07.345: [INFO] OnDoneLoading sync enabled: 0
2026-09-10 17:34:07.345: [INFO] BookmarkModelLoaded, ids_reassigned: 0
2026-09-10 17:34:07.345: [INFO] BookmarksLoadDropped droppedNodes=0
2026-09-10 17:34:07.345: [INFO] BookmarksSnapshot Startup total=0 bar=0 other=0 mobile=0 showBar=0 showBarNTP=1
2026-09-10 17:37:01.406: [INFO] BookmarksSnapshot Shutdown total=0 bar=0 other=0 mobile=0 showBar=0 showBarNTP=1
2026-09-10 17:37:21.349: [INFO] CurrentProfilePath: C:\spring boot projects\.metadata\.plugins\org.eclipse.swt\EBWebView\Default
2026-09-10 17:37:21.349: [INFO] Profiles total count: 1
2026-09-10 17:37:21.349: [INFO] Profile: name=Profile 1 path=C:\spring boot projects\.metadata\.plugins\org.eclipse.swt\EBWebView\Default lastActive=2026-09-10T17:36:37.175Z
2026-09-10 17:37:21.349: [INFO] LastUsedProfileDir: C:\spring boot projects\.metadata\.plugins\org.eclipse.swt\EBWebView\Default
2026-09-10 17:37:21.349: [INFO] MostRecentlyActiveProfile: name=Profile 1 path=C:\spring boot projects\.metadata\.plugins\org.eclipse.swt\EBWebView\Default lastActive=2026-09-10T17:36:37.175Z
2026-09-10 17:37:21.349: [INFO] OnDoneLoading sync enabled: 0
2026-09-10 17:37:21.349: [INFO] BookmarkModelLoaded, ids_reassigned: 0
2026-09-10 17:37:21.349: [INFO] BookmarksLoadDropped droppedNodes=0
2026-09-10 17:37:21.349: [INFO] BookmarksSnapshot Startup total=0 bar=0 other=0 mobile=0 showBar=0 showBarNTP=1
2026-09-10 17:37:36.993: [INFO] BookmarksSnapshot Shutdown total=0 bar=0 other=0 mobile=0 showBar=0 showBarNTP=1
2026-09-10 17:40:06.236: [INFO] CurrentProfilePath: C:\spring boot projects\.metadata\.plugins\org.eclipse.swt\EBWebView\Default
2026-09-10 17:40:06.236: [INFO] Profiles total count: 1
2026-09-10 17:40:06.236: [INFO] Profile: name=Profile 1 path=C:\spring boot projects\.metadata\.plugins\org.eclipse.swt\EBWebView\Default lastActive=2026-09-10T17:36:37.175Z
2026-09-10 17:40:06.236: [INFO] LastUsedProfileDir: C:\spring boot projects\.metadata\.plugins\org.eclipse.swt\EBWebView\Default
2026-09-10 17:40:06.236: [INFO] MostRecentlyActiveProfile: name=Profile 1 path=C:\spring boot projects\.metadata\.plugins\org.eclipse.swt\EBWebView\Default lastActive=2026-09-10T17:36:37.175Z
2026-09-10 17:40:06.236: [INFO] OnDoneLoading sync enabled: 0
2026-09-10 17:40:06.236: [INFO] BookmarkModelLoaded, ids_reassigned: 0
2026-09-10 17:40:06.236: [INFO] BookmarksLoadDropped droppedNodes=0
2026-09-10 17:40:06.236: [INFO] BookmarksSnapshot Startup total=0 bar=0 other=0 mobile=0 showBar=0 showBarNTP=1
2026-09-13 12:56:57.865: [INFO] BookmarksSnapshot Shutdown total=0 bar=0 other=0 mobile=0 showBar=0 showBarNTP=1
2026-09-13 12:57:15.885: [INFO] CurrentProfilePath: C:\spring boot projects\.metadata\.plugins\org.eclipse.swt\EBWebView\Default
2026-09-13 12:57:15.885: [INFO] Profiles total count: 1
2026-09-13 12:57:15.885: [INFO] Profile: name=Profile 1 path=C:\spring boot projects\.metadata\.plugins\org.eclipse.swt\EBWebView\Default lastActive=2026-09-11T13:17:15.404Z
2026-09-13 12:57:15.885: [INFO] LastUsedProfileDir: C:\spring boot projects\.metadata\.plugins\org.eclipse.swt\EBWebView\Default
2026-09-13 12:57:15.885: [INFO] MostRecentlyActiveProfile: name=Profile 1 path=C:\spring boot projects\.metadata\.plugins\org.eclipse.swt\EBWebView\Default lastActive=2026-09-11T13:17:15.404Z
2026-09-13 12:57:15.885: [INFO] OnDoneLoading sync enabled: 0
2026-09-13 12:57:15.885: [INFO] BookmarkModelLoaded, ids_reassigned: 0
2026-09-13 12:57:15.885: [INFO] BookmarksLoadDropped droppedNodes=0
2026-09-13 12:57:15.885: [INFO] BookmarksSnapshot Startup total=0 bar=0 other=0 mobile=0 showBar=0 showBarNTP=1
